// Jest Snapshot v1, https://goo.gl/fbAQLP

exports[`<Hamburger/> Snapshot 1`] = `
<Hamburger
  inRange={false}
>
  <Hamburger__Container>
    <StyledComponent
      forwardedComponent={
        Object {
          "$$typeof": Symbol(react.forward_ref),
          "attrs": Array [],
          "componentStyle": ComponentStyle {
            "componentId": "Hamburger__Container-sc-1tzi5x8-0",
            "isStatic": false,
            "lastClassName": "jePrcg",
            "rules": Array [
              "position:absolute;display:flex;flex-direction:column;align-items:center;right:100px;top:100px;cursor:pointer;",
            ],
          },
          "displayName": "Hamburger__Container",
          "foldedComponentIds": Array [],
          "render": [Function],
          "styledComponentId": "Hamburger__Container-sc-1tzi5x8-0",
          "target": "div",
          "toString": [Function],
          "usesTheme": false,
          "warnTooManyClasses": [Function],
          "withComponent": [Function],
        }
      }
      forwardedRef={null}
    >
      <div
        className="Hamburger__Container-sc-1tzi5x8-0 jePrcg"
      >
        <Hamburger__Line
          inRange={false}
        >
          <StyledComponent
            forwardedComponent={
              Object {
                "$$typeof": Symbol(react.forward_ref),
                "attrs": Array [],
                "componentStyle": ComponentStyle {
                  "componentId": "Hamburger__Line-sc-1tzi5x8-1",
                  "isStatic": false,
                  "lastClassName": "brCjHO",
                  "rules": Array [
                    "width:15px;height:2px;margin-bottom:2px;background-color:",
                    [Function],
                    ";",
                  ],
                },
                "displayName": "Hamburger__Line",
                "foldedComponentIds": Array [],
                "render": [Function],
                "styledComponentId": "Hamburger__Line-sc-1tzi5x8-1",
                "target": "div",
                "toString": [Function],
                "usesTheme": false,
                "warnTooManyClasses": [Function],
                "withComponent": [Function],
              }
            }
            forwardedRef={null}
            inRange={false}
          >
            <div
              className="Hamburger__Line-sc-1tzi5x8-1 brCjHO"
            />
          </StyledComponent>
        </Hamburger__Line>
        <Hamburger__Line
          inRange={false}
        >
          <StyledComponent
            forwardedComponent={
              Object {
                "$$typeof": Symbol(react.forward_ref),
                "attrs": Array [],
                "componentStyle": ComponentStyle {
                  "componentId": "Hamburger__Line-sc-1tzi5x8-1",
                  "isStatic": false,
                  "lastClassName": "brCjHO",
                  "rules": Array [
                    "width:15px;height:2px;margin-bottom:2px;background-color:",
                    [Function],
                    ";",
                  ],
                },
                "displayName": "Hamburger__Line",
                "foldedComponentIds": Array [],
                "render": [Function],
                "styledComponentId": "Hamburger__Line-sc-1tzi5x8-1",
                "target": "div",
                "toString": [Function],
                "usesTheme": false,
                "warnTooManyClasses": [Function],
                "withComponent": [Function],
              }
            }
            forwardedRef={null}
            inRange={false}
          >
            <div
              className="Hamburger__Line-sc-1tzi5x8-1 brCjHO"
            />
          </StyledComponent>
        </Hamburger__Line>
        <Hamburger__Line
          inRange={false}
        >
          <StyledComponent
            forwardedComponent={
              Object {
                "$$typeof": Symbol(react.forward_ref),
                "attrs": Array [],
                "componentStyle": ComponentStyle {
                  "componentId": "Hamburger__Line-sc-1tzi5x8-1",
                  "isStatic": false,
                  "lastClassName": "brCjHO",
                  "rules": Array [
                    "width:15px;height:2px;margin-bottom:2px;background-color:",
                    [Function],
                    ";",
                  ],
                },
                "displayName": "Hamburger__Line",
                "foldedComponentIds": Array [],
                "render": [Function],
                "styledComponentId": "Hamburger__Line-sc-1tzi5x8-1",
                "target": "div",
                "toString": [Function],
                "usesTheme": false,
                "warnTooManyClasses": [Function],
                "withComponent": [Function],
              }
            }
            forwardedRef={null}
            inRange={false}
          >
            <div
              className="Hamburger__Line-sc-1tzi5x8-1 brCjHO"
            />
          </StyledComponent>
        </Hamburger__Line>
      </div>
    </StyledComponent>
  </Hamburger__Container>
</Hamburger>
`;
